// Jest Snapshot v1, https://goo.gl/fbAQLP

exports[`Counter snapshot renders 1`] = `
<div>
  <h2>
    A counter
  </h2>
  <p>
    0
  </p>
  <button
    onClick={[Function]}
    type="button"
  >
    Increment
  </button>
  <button
    onClick={[Function]}
    type="button"
  >
    Decrement
  </button>
</div>
`;
