// Jest Snapshot v1, https://goo.gl/fbAQLP

exports[`List snapshot renders 1`] = `
<div>
  <h2>
    My Async Data
  </h2>
  <ul />
</div>
`;
